======================================================================
H+c -> ZZ -> 4l  |  ctag2d 3-ratio-decomposition datacard builder
Mass window : 90.0-160.0 GeV
Binning     : nested tree (2,2,5) = 20 bins
======================================================================

  Process           n_sumw_files   sumw_generated
  -----------------------------------------------
  qqZZ                      1297     152237846.88
  ggZZ                       655      14414808.00
  Signal                    1004        550850.41
  Other_Higgs               1114      70342190.30

  Process              raw_wgt       sumw_gen  baseline_eff   expected   in_win_yield
  ----------------------------------------------------------------------------------
  qqZZ              1042038.00   152237846.88       0.6845% 86035.5790        85.4705
  ggZZ               860416.38    14414808.00       5.9690%  1671.1947         4.2296
  Signal              17566.29      550850.41       3.1889%     1.6329         0.0518
  Other_Higgs       3299117.20    70342190.30       4.6901%  1242.3785        55.2776

  Process           n_events  hist_integral
  ------------------------------------------
  qqZZ                111367        85.4705
  ggZZ                 36947         4.2296
  Signal               75289         0.0518
  Other_Higgs         911421        55.2776

  ROOT file: /eos/user/s/snandaku/Higgscharmnew/higgscharm/combine/outputs/combine_run3_90160_ctag2d_3ratio/histograms_3ratio.root
  Datacard:  /eos/user/s/snandaku/Higgscharmnew/higgscharm/combine/outputs/combine_run3_90160_ctag2d_3ratio/datacard_3ratio.txt
  Datacard:  /eos/user/s/snandaku/Higgscharmnew/higgscharm/combine/outputs/combine_run3_90160_ctag2d_3ratio/datacard_3ratio_statonly.txt

Process         Yield in [90.0,160.0] GeV
--------------------------------------
  Signal              0.0518
  ggZZ                4.2296
  qqZZ               85.4705
  Other_Higgs        55.2776
--------------------------------------
  Total bkg         144.9776
  S/sqrt(B) = 0.0043

[Done] All files in: /eos/user/s/snandaku/Higgscharmnew/higgscharm/combine/outputs/combine_run3_90160_ctag2d_3ratio
