======================================================================
H+c → ZZ → 4l  |  Combine datacard builder
Mass window : 100–150 GeV
Total lumi  : 61896.1 pb^-1
Binning     : quantile (20 bins requested)
======================================================================

[1a] Pre-selection sumw
    Dir: /eos/user/s/snandaku/higgscharm/outputs/hplusc_mva_4class_ctag2d

  Process           n_sumw_files   sumw_generated
  -----------------------------------------------
  qqZZ                      1297     152237846.88
  ggZZ                       655      14414808.00
  Signal                    1004        550850.41
  Other_Higgs               1114      70342190.30

[1b] MC scored parquets
    Dir: /eos/user/s/snandaku/higgscharm/outputs/hplusc_mva_4class_ctag2d_scored

  Process              raw_wgt       sumw_gen  baseline_eff   expected   in_win_yield
  ----------------------------------------------------------------------------------
  qqZZ              1042038.00   152237846.88       0.6845% 86035.5790        34.4609
  ggZZ               860416.38    14414808.00       5.9690%  1671.1947         2.9399
  Signal              17566.29      550850.41       3.1889%     1.6329         0.0515
  Other_Higgs       3299117.20    70342190.30       4.6901%  1242.3785        54.7378

[1c] Bin edges (20 bins):
    [0.     0.0018 0.0029 0.004  0.0052 0.0068 0.0092 0.0132 0.0192 0.0285
 0.041  0.0587 0.0835 0.1185 0.1693 0.2355 0.3219 0.4312 0.562  0.6958
 1.    ]

[2] Z+X background: SKIPPED (--skip-zx)

[3] Building histograms

  Process           n_events  hist_integral
  ------------------------------------------
  qqZZ                 44933        34.4609
  ggZZ                 25660         2.9399
  Signal               74859         0.0515
  Other_Higgs         889058        54.7378

[4] Writing output

  ROOT file: /eos/user/s/snandaku/Higgscharmnew/higgscharm/combine/outputs/combine_run3_100150_ctag2d_erecoAdded/histograms_no_zx.root
  Datacard:  /eos/user/s/snandaku/Higgscharmnew/higgscharm/combine/outputs/combine_run3_100150_ctag2d_erecoAdded/datacard_no_zx.txt

Process         Yield in [100,150] GeV
--------------------------------------
  Signal              0.0515
  ggZZ                2.9399
  qqZZ               34.4609
  Other_Higgs        54.7378
--------------------------------------
  Total bkg          92.1387
  S/sqrt(B) = 0.0054

[Negative-bin scan]
  Histograms checked: 70  |  with negative bins: 15
    h_Signal: total=5.1499e-02  negative_bins=[(0, -1.1103089761994931e-06), (3, -1.1282152177779243e-05)]
    h_Signal_CMS_eff_e_reco_above75Up: total=5.1522e-02  negative_bins=[(0, -1.1103089761994931e-06), (3, -1.1284010105479881e-05)]
    h_Signal_CMS_eff_e_reco_above75Down: total=5.1475e-02  negative_bins=[(0, -1.1103089761994931e-06), (3, -1.1280294250078605e-05)]
    h_Signal_CMS_ctag2dUp: total=7.0340e-02  negative_bins=[(0, -1.2764653105260044e-05), (3, -2.2101306974151038e-07)]
    h_Signal_CMS_ctag2dDown: total=4.9858e-02  negative_bins=[(3, -1.760651548999559e-05)]
    h_Signal_ps_isrUp: total=5.0841e-02  negative_bins=[(0, -1.3154839515410555e-06), (3, -1.065900924369424e-05)]
    h_Signal_ps_isrDown: total=5.2359e-02  negative_bins=[(0, -9.411522792252398e-07), (3, -1.2048672109002226e-05)]
    h_Signal_ps_fsrUp: total=5.1884e-02  negative_bins=[(3, -1.017722787988851e-05)]
    h_Signal_ps_fsrDown: total=5.0898e-02  negative_bins=[(0, -1.5465938459178474e-06), (3, -1.2571714488235854e-05)]
    h_Signal_CMS_eff_e_reco_below20Up: total=5.3923e-02  negative_bins=[(0, -9.94687862044553e-07), (3, -1.1199464584415429e-05)]
    h_Signal_CMS_eff_e_reco_below20Down: total=4.9226e-02  negative_bins=[(0, -1.2195442741324137e-06), (3, -1.1345070846689762e-05)]
    h_Signal_CMS_eff_e_reco_20to75Up: total=5.2060e-02  negative_bins=[(0, -1.1103089761994931e-06), (3, -1.1289490641943316e-05)]
    h_Signal_CMS_eff_e_reco_20to75Down: total=5.0944e-02  negative_bins=[(0, -1.1103089761994931e-06), (3, -1.127507307731343e-05)]
    h_Signal_CMS_pileupUp: total=5.0992e-02  negative_bins=[(0, -7.704137366027166e-07), (3, -1.1707215050821648e-05)]
    h_Signal_CMS_pileupDown: total=5.2003e-02  negative_bins=[(0, -1.2104292435563058e-06), (3, -1.0054836290518707e-05)]

[Done]  All files in: /eos/user/s/snandaku/Higgscharmnew/higgscharm/combine/outputs/combine_run3_100150_ctag2d_erecoAdded

To run combine:
  cd /eos/user/s/snandaku/Higgscharmnew/higgscharm/combine/outputs/combine_run3_100150_ctag2d_erecoAdded
  combine -M AsymptoticLimits -m 120 --run blind --rAbsAcc 0.00001 --rRelAcc 0.00001 \
    datacard_no_zx.txt -n HcZZ_ctag2d_no_ZX
