/afs/cern.ch/user/s/snandaku/.bashrc: line 62: zoxide: command not found
/afs/cern.ch/user/s/snandaku/.bashrc: line 73: lhapdf-config: command not found
 <<< Combine >>> 
 <<< v10.5.0 >>>
>>> Random number generator seed is 123456
Will use a-priori instead of a-posteriori expected background.
>>> Method used is AsymptoticLimits
PDF didn't factorize!
Parameters: 
  1) RooRealVar:: n_exp_binhczz_proc_Other_Higgs = 55.2776
  2) RooRealVar::        n_exp_binhczz_proc_ggZZ = 4.22957
  3) RooRealVar::        n_exp_binhczz_proc_qqZZ = 85.4705
  4) RooRealVar::                              r = 0.2 +/- 2
Obs: 
  1) RooRealVar::    CMS_th1x = 19.5
  2) RooCategory:: CMS_channel = hczz(idx = 0)


 -- AsymptoticLimits ( CLs ) --
Expected  2.5%: r < 151.7031
Expected 16.0%: r < 205.4105
Expected 50.0%: r < 292.0000
Expected 84.0%: r < 422.3596
Expected 97.5%: r < 586.4911

